--unshare-net
--unshare-pid
--unshare-ipc
--unshare-uts
--unshare-cgroup-try
--die-with-parent
--new-session
--as-pid-1
--proc
/proc
--dev
/dev
--tmpfs
/tmp
--ro-bind
$FIXTURE/app/kstack-sidecar
$FIXTURE/app/kstack-sidecar
--ro-bind
$FIXTURE/home/.cargo
$FIXTURE/home/.cargo
--ro-bind
$FIXTURE/home/apps
$FIXTURE/home/apps
--ro-bind
$FIXTURE/sys/etc
$FIXTURE/sys/etc
--ro-bind
$FIXTURE/sys/opt
$FIXTURE/sys/opt
--ro-bind
$FIXTURE/sys/usr
$FIXTURE/sys/usr
--symlink
$FIXTURE/sys/usr/bin
$FIXTURE/sys/bin
--ro-bind
$FIXTURE/home/tools/cargo/bin
$FIXTURE/home/tools/cargo/bin
--ro-bind
/dev/null
$FIXTURE/home/.cargo/credentials
--ro-bind
/dev/null
$FIXTURE/home/.cargo/credentials.toml
--tmpfs
$FIXTURE/home/apps/kstack
--bind
$FIXTURE/cache/kstack/tmp/1-a
$FIXTURE/cache/kstack/tmp/1-a
--bind
$FIXTURE/cache/kstack/kubectl/c/s
$FIXTURE/cache/kstack/kubectl/c/s
--ro-bind
$FIXTURE/run/kstack/runs/1-a
$FIXTURE/run/kstack/runs/1-a
--bind
$FIXTURE/home/apps/kstack/chats/c/workspace
$FIXTURE/home/apps/kstack/chats/c/workspace
--remount-ro
/
--remount-ro
$FIXTURE/home/apps/kstack
--chdir
$FIXTURE/home/apps/kstack/chats/c/workspace
--
$FIXTURE/app/kstack-sidecar
sandbox-init
--socket
$FIXTURE/run/kstack/runs/1-a/proxy.sock
--port
6443
--
$FIXTURE/app/kstack-sidecar
sandbox-shell
--
$FIXTURE/sys/usr/bin/bash
-c
true
